x = 0: 0, 1, 2, 3, 4, 5, 6, 7, 8
x = 1: 0, 1, 2, 3, 4, 5, 6, 7, 8, 9, 10, 11, 12
x = 2: 0, 1, 2, 3, 4, 5, 6, 7, 8, 13, 14, 15, 16
x = 3: 0, 1, 2, 3, 4, 5, 6, 7, 8, 17, 18, 19, 20
x = 4: 0, 1, 2, 3, 4, 5, 6, 7, 8, 21, 22, 23, 24
x = 5: 0, 1, 2, 3, 4, 5, 6, 7, 8, 25, 26, 27, 28
x = 6: 0, 1, 2, 3, 4, 5, 6, 7, 8, 29, 30, 31, 32
x = 7: 0, 1, 2, 3, 4, 5, 6, 7, 8, 33, 34, 35, 36
