{9, 1, 8, 4, 2, 1, 16}([9] 1, 7, 9)([10] 7, 5, 15)([11] 1, 3, 9)([12] 1, 5, 11)([13] 0, 4, 3)([14] 1, 9, 2)([15] 10, 11, 11)([16] 8, 3, 13)([17] 3, 5, 14)([18] 3, 14, 15)([19] 13, 16, 6)([20] 13, 5, 7)([21] 18, 5, 3)([22] 19, 1, 13)([23] 3, 1, 8)([24] 5, 5, 4)([25] 4, 2, 13)([26] 23, 0, 4)([27] 2, 3, 14)([28] 6, 6, 1)([29] 26, 2, 12)([30] 27, 1, 9)([31] 4, 27, 1)([32] 0, 28, 7)([33] 0, 2, 14)([34] 5, 29, 12)([35] 7, 1, 15)([36] 30, 32, 10)([37] 1, 3, 11)([38] 0, 33, 15)([39] 34, 7, 12)([40] 33, 7, 12)(10)

{9, 1, 8, 4, 2, 1, 16}([9] 0, 3, 3)([10] 0, 1, 10)([11] 1, 8, 9)([12] 5, 2, 5)([13] 5, 9, 4)([14] 3, 10, 14)([15] 6, 1, 9)([16] 8, 10, 8)([17] 8, 6, 5)([18] 4, 1, 1)([19] 13, 2, 15)([20] 0, 5, 9)([21] 5, 17, 5)([22] 3, 5, 11)([23] 20, 0, 7)([24] 0, 3, 15)([25] 4, 21, 8)([26] 1, 5, 4)([27] 1, 2, 3)([28] 7, 8, 14)([29] 7, 5, 3)([30] 1, 5, 4)([31] 3, 26, 14)([32] 2, 3, 10)([33] 0, 2, 2)([34] 7, 2, 15)([35] 32, 8, 13)([36] 4, 30, 8)([37] 35, 0, 12)([38] 36, 33, 2)([39] 2, 3, 11)([40] 34, 4, 11)(9)

{9, 1, 8, 4, 2, 1, 16}([9] 1, 7, 9)([10] 7, 5, 15)([11] 1, 3, 9)([12] 1, 5, 11)([13] 0, 4, 3)([14] 1, 9, 2)([15] 10, 11, 11)([16] 8, 3, 13)([17] 3, 5, 14)([18] 3, 14, 15)([19] 13, 16, 6)([20] 13, 5, 7)([21] 18, 5, 3)([22] 19, 1, 13)([23] 3, 1, 8)([24] 5, 5, 4)([25] 4, 2, 13)([26] 23, 0, 4)([27] 2, 3, 14)([28] 6, 6, 1)([29] 26, 2, 12)([30] 27, 1, 9)([31] 4, 27, 1)([32] 0, 28, 7)([33] 0, 2, 14)([34] 5, 29, 12)([35] 7, 1, 15)([36] 30, 32, 10)([37] 1, 3, 11)([38] 0, 33, 15)([39] 34, 7, 12)([40] 33, 7, 12)(10)
