Genotype: 1, 2, 3, 4, 1, 1, 5, 6, 9, 10
Phenotype: 1, 2, 3, 4, 5, 6, 9, 10
